E:/Documents/TouchGFX_Projects/HighStriker/Core/Src/main.c:993:13:SPI5_Write	16	static
E:/Documents/TouchGFX_Projects/HighStriker/Core/Src/main.c:1207:6:StartButtonTask	8	static
E:/Documents/TouchGFX_Projects/HighStriker/Core/Src/main.c:259:6:delay_us	16	static
E:/Documents/TouchGFX_Projects/HighStriker/Core/Src/main.c:273:6:SystemClock_Config	96	static
E:/Documents/TouchGFX_Projects/HighStriker/Core/Src/main.c:168:5:main	112	static
E:/Documents/TouchGFX_Projects/HighStriker/Core/Src/main.c:837:6:IOE_Init	0	static
E:/Documents/TouchGFX_Projects/HighStriker/Core/Src/main.c:846:6:IOE_ITConfig	0	static
E:/Documents/TouchGFX_Projects/HighStriker/Core/Src/main.c:858:6:IOE_Write	32	static
E:/Documents/TouchGFX_Projects/HighStriker/Core/Src/main.c:869:9:IOE_Read	32	static
E:/Documents/TouchGFX_Projects/HighStriker/Core/Src/main.c:882:10:IOE_ReadMultiple	24	static
E:/Documents/TouchGFX_Projects/HighStriker/Core/Src/main.c:891:6:IOE_Delay	0	static
E:/Documents/TouchGFX_Projects/HighStriker/Core/Src/main.c:1019:6:LCD_IO_Init	8	static
E:/Documents/TouchGFX_Projects/HighStriker/Core/Src/main.c:1029:6:LCD_IO_WriteData	16	static
E:/Documents/TouchGFX_Projects/HighStriker/Core/Src/main.c:1045:6:LCD_IO_WriteReg	16	static
E:/Documents/TouchGFX_Projects/HighStriker/Core/Src/main.c:1064:10:LCD_IO_ReadData	32	static
E:/Documents/TouchGFX_Projects/HighStriker/Core/Src/main.c:1091:6:LCD_Delay	0	static
E:/Documents/TouchGFX_Projects/HighStriker/Core/Src/main.c:1104:9:read_average_offset	32	static
E:/Documents/TouchGFX_Projects/HighStriker/Core/Src/main.c:1115:9:get_average_raw_data	24	static
E:/Documents/TouchGFX_Projects/HighStriker/Core/Src/main.c:1135:6:StartDefaultTask	104	static
E:/Documents/TouchGFX_Projects/HighStriker/Core/Src/main.c:1126:9:Abs	0	static
E:/Documents/TouchGFX_Projects/HighStriker/Core/Src/main.c:1241:6:HAL_TIM_PeriodElapsedCallback	0	static
E:/Documents/TouchGFX_Projects/HighStriker/Core/Src/main.c:1259:6:Error_Handler	0	static
