E:/Documents/TouchGFX_Projects/HighStriker/Core/Src/main.c:1000:13:SPI5_Write	1
E:/Documents/TouchGFX_Projects/HighStriker/Core/Src/main.c:1264:6:StartButtonTask	1
E:/Documents/TouchGFX_Projects/HighStriker/Core/Src/main.c:266:6:delay_us	2
E:/Documents/TouchGFX_Projects/HighStriker/Core/Src/main.c:280:6:SystemClock_Config	1
E:/Documents/TouchGFX_Projects/HighStriker/Core/Src/main.c:174:5:main	2
E:/Documents/TouchGFX_Projects/HighStriker/Core/Src/main.c:844:6:IOE_Init	1
E:/Documents/TouchGFX_Projects/HighStriker/Core/Src/main.c:853:6:IOE_ITConfig	1
E:/Documents/TouchGFX_Projects/HighStriker/Core/Src/main.c:865:6:IOE_Write	1
E:/Documents/TouchGFX_Projects/HighStriker/Core/Src/main.c:876:9:IOE_Read	1
E:/Documents/TouchGFX_Projects/HighStriker/Core/Src/main.c:889:10:IOE_ReadMultiple	1
E:/Documents/TouchGFX_Projects/HighStriker/Core/Src/main.c:898:6:IOE_Delay	1
E:/Documents/TouchGFX_Projects/HighStriker/Core/Src/main.c:1026:6:LCD_IO_Init	1
E:/Documents/TouchGFX_Projects/HighStriker/Core/Src/main.c:1036:6:LCD_IO_WriteData	1
E:/Documents/TouchGFX_Projects/HighStriker/Core/Src/main.c:1052:6:LCD_IO_WriteReg	1
E:/Documents/TouchGFX_Projects/HighStriker/Core/Src/main.c:1071:10:LCD_IO_ReadData	1
E:/Documents/TouchGFX_Projects/HighStriker/Core/Src/main.c:1098:6:LCD_Delay	1
E:/Documents/TouchGFX_Projects/HighStriker/Core/Src/main.c:1111:9:read_average_offset	2
E:/Documents/TouchGFX_Projects/HighStriker/Core/Src/main.c:1122:9:get_average_raw_data	2
E:/Documents/TouchGFX_Projects/HighStriker/Core/Src/main.c:1160:6:StartDefaultTask	10
E:/Documents/TouchGFX_Projects/HighStriker/Core/Src/main.c:1133:9:Abs	1
E:/Documents/TouchGFX_Projects/HighStriker/Core/Src/main.c:1293:6:HAL_TIM_PeriodElapsedCallback	2
E:/Documents/TouchGFX_Projects/HighStriker/Core/Src/main.c:1311:6:Error_Handler	1
