E:/Documents/TouchGFX_Projects/HighStriker/Core/Src/main.c:993:13:SPI5_Write	1
E:/Documents/TouchGFX_Projects/HighStriker/Core/Src/main.c:1207:6:StartButtonTask	1
E:/Documents/TouchGFX_Projects/HighStriker/Core/Src/main.c:259:6:delay_us	2
E:/Documents/TouchGFX_Projects/HighStriker/Core/Src/main.c:273:6:SystemClock_Config	1
E:/Documents/TouchGFX_Projects/HighStriker/Core/Src/main.c:168:5:main	2
E:/Documents/TouchGFX_Projects/HighStriker/Core/Src/main.c:837:6:IOE_Init	1
E:/Documents/TouchGFX_Projects/HighStriker/Core/Src/main.c:846:6:IOE_ITConfig	1
E:/Documents/TouchGFX_Projects/HighStriker/Core/Src/main.c:858:6:IOE_Write	1
E:/Documents/TouchGFX_Projects/HighStriker/Core/Src/main.c:869:9:IOE_Read	1
E:/Documents/TouchGFX_Projects/HighStriker/Core/Src/main.c:882:10:IOE_ReadMultiple	1
E:/Documents/TouchGFX_Projects/HighStriker/Core/Src/main.c:891:6:IOE_Delay	1
E:/Documents/TouchGFX_Projects/HighStriker/Core/Src/main.c:1019:6:LCD_IO_Init	1
E:/Documents/TouchGFX_Projects/HighStriker/Core/Src/main.c:1029:6:LCD_IO_WriteData	1
E:/Documents/TouchGFX_Projects/HighStriker/Core/Src/main.c:1045:6:LCD_IO_WriteReg	1
E:/Documents/TouchGFX_Projects/HighStriker/Core/Src/main.c:1064:10:LCD_IO_ReadData	1
E:/Documents/TouchGFX_Projects/HighStriker/Core/Src/main.c:1091:6:LCD_Delay	1
E:/Documents/TouchGFX_Projects/HighStriker/Core/Src/main.c:1104:9:read_average_offset	2
E:/Documents/TouchGFX_Projects/HighStriker/Core/Src/main.c:1115:9:get_average_raw_data	2
E:/Documents/TouchGFX_Projects/HighStriker/Core/Src/main.c:1135:6:StartDefaultTask	8
E:/Documents/TouchGFX_Projects/HighStriker/Core/Src/main.c:1126:9:Abs	1
E:/Documents/TouchGFX_Projects/HighStriker/Core/Src/main.c:1241:6:HAL_TIM_PeriodElapsedCallback	2
E:/Documents/TouchGFX_Projects/HighStriker/Core/Src/main.c:1259:6:Error_Handler	1
