E:/Documents/TouchGFX_Projects/HighStriker/Core/Src/main.c:1000:13:SPI5_Write	16	static
E:/Documents/TouchGFX_Projects/HighStriker/Core/Src/main.c:1267:6:StartButtonTask	72	static
E:/Documents/TouchGFX_Projects/HighStriker/Core/Src/main.c:266:6:delay_us	16	static
E:/Documents/TouchGFX_Projects/HighStriker/Core/Src/main.c:280:6:SystemClock_Config	96	static
E:/Documents/TouchGFX_Projects/HighStriker/Core/Src/main.c:174:5:main	112	static
E:/Documents/TouchGFX_Projects/HighStriker/Core/Src/main.c:844:6:IOE_Init	0	static
E:/Documents/TouchGFX_Projects/HighStriker/Core/Src/main.c:853:6:IOE_ITConfig	0	static
E:/Documents/TouchGFX_Projects/HighStriker/Core/Src/main.c:865:6:IOE_Write	32	static
E:/Documents/TouchGFX_Projects/HighStriker/Core/Src/main.c:876:9:IOE_Read	32	static
E:/Documents/TouchGFX_Projects/HighStriker/Core/Src/main.c:889:10:IOE_ReadMultiple	24	static
E:/Documents/TouchGFX_Projects/HighStriker/Core/Src/main.c:898:6:IOE_Delay	0	static
E:/Documents/TouchGFX_Projects/HighStriker/Core/Src/main.c:1026:6:LCD_IO_Init	8	static
E:/Documents/TouchGFX_Projects/HighStriker/Core/Src/main.c:1036:6:LCD_IO_WriteData	16	static
E:/Documents/TouchGFX_Projects/HighStriker/Core/Src/main.c:1052:6:LCD_IO_WriteReg	16	static
E:/Documents/TouchGFX_Projects/HighStriker/Core/Src/main.c:1071:10:LCD_IO_ReadData	32	static
E:/Documents/TouchGFX_Projects/HighStriker/Core/Src/main.c:1098:6:LCD_Delay	0	static
E:/Documents/TouchGFX_Projects/HighStriker/Core/Src/main.c:1111:9:read_average_offset	32	static
E:/Documents/TouchGFX_Projects/HighStriker/Core/Src/main.c:1122:9:get_average_raw_data	24	static
E:/Documents/TouchGFX_Projects/HighStriker/Core/Src/main.c:1160:6:StartDefaultTask	104	static
E:/Documents/TouchGFX_Projects/HighStriker/Core/Src/main.c:1133:9:Abs	0	static
E:/Documents/TouchGFX_Projects/HighStriker/Core/Src/main.c:1296:6:HAL_TIM_PeriodElapsedCallback	0	static
E:/Documents/TouchGFX_Projects/HighStriker/Core/Src/main.c:1314:6:Error_Handler	0	static
