E:/Documents/TouchGFX_Projects/HighStriker/TouchGFX/gui/src/model/Model.cpp:14:1:Model::Model()	0	static
E:/Documents/TouchGFX_Projects/HighStriker/TouchGFX/gui/src/model/Model.cpp:22:6:void Model::tick()	8	static
E:/Documents/TouchGFX_Projects/HighStriker/TouchGFX/gui/src/model/Model.cpp:62:6:void Model::setCurrentScore(int32_t)	0	static
E:/Documents/TouchGFX_Projects/HighStriker/TouchGFX/gui/src/model/Model.cpp:68:6:void Model::setHighScore(int32_t)	0	static
E:/Documents/TouchGFX_Projects/HighStriker/TouchGFX/gui/src/model/Model.cpp:74:17:void update_score_from_sensor(int32_t)	0	static
E:/Documents/TouchGFX_Projects/HighStriker/TouchGFX/gui/src/model/Model.cpp:82:17:void update_high_score_from_sensor(int32_t)	0	static
E:/Documents/TouchGFX_Projects/HighStriker/TouchGFX/gui/src/model/Model.cpp:91:17:void trigger_blink_effect_from_c()	0	static
E:/Documents/TouchGFX_Projects/HighStriker/TouchGFX/gui/src/model/Model.cpp:99:17:void stop_blink_effect_from_c()	0	static
